ok - real Herdr lab: an opted-out spawn retains the Stage 1 Herdr command sequence with zero ordering calls
ok - real Herdr lab: a home that configured nothing is projected by default on herdr 0.9.3
ok - real Herdr lab: the first projected task on a repository creates its home's repo parent and attaches as a linked-worktree child
ok - real Herdr lab: the repo parent persists with root provenance after its only child is cleaned up
ok - real Herdr lab: every projected create, task-tab create, seeded prune, and move preserves active workspace and tab
ok - real Herdr lab: a later projected task adopts the existing repo parent without creating, renaming, or focusing anything
ok - real Herdr lab: persisted-focused seeded prune proceeds when no live client is attached
ok - real Herdr lab: bounded lock contention warns and falls back flat without projection or focus drift
ok - real Herdr lab: concurrent primary workers form one stable contiguous block without active workspace/tab drift
ok - real Herdr lab: two concurrent tasks on one repository attach as linked children of the same single repo parent
ok - real Herdr lab: forced workspace.move failure leaves a successful worker in default order with a warning and no cleanup
ok - real Herdr lab: concurrent post-create abort cleanup stays serialized with exact focus restoration
ok - real Herdr lab: Treehouse commands and metadata shape are byte-identical except for endpoint IDs and spawn incarnation
ok - real Herdr lab: exact task-pane close removes the projected workspace with no unrestored wrong-focus interval
ok - real Herdr lab: concurrent projected cleanup is serialized and leaves active workspace/tab unchanged
ok - real Herdr lab: three repeated concurrent create/order/cleanup waves have zero active workspace or tab drift
ok - real Herdr lab: a foreign workspace reported open in the task worktree makes the attach skip with one warning and zero worktree open calls
ok - real Herdr lab: the primary presentation setting inherits into real secondmate homes
ok - real Herdr lab: primary and two secondmate homes each own a top-level contiguous child block
ok - real Herdr lab: each secondmate home groups its tasks under its own home-qualified repo parent while the primary keeps its own
ok - real Herdr lab: concurrent primary/A/B spawns preserve parent order and exact focus
ok - real Herdr lab: session lock contention from a secondmate home falls back flat with no journal
ok - real Herdr lab: Hi Bit and Wheelhouse-style same-identity restarts reclaim one nested space with exact focus and idempotence
ok - real Herdr lab: linked-worktree children and their repo parent keep their provenance across stop and provision, and reclaim leaves both untouched
ok - real Herdr lab: secondmate restart binding and reclaim stay isolated to the exact child home and parent
ok - real Herdr lab: an aborted respawn returns the slot it leased even though an older record survives
ok - real Herdr lab: concurrent cross-home recoveries replace exact husks under one session lock with no focus drift
ok - real Herdr lab: legacy projection labels and flat secondmate tabs are left unmigrated
ok - real Herdr lab: multi-home exact-pane teardowns restore captain focus without workspace close authority
warning: no exact herdr presentation token match for missing1; leaving any stale space untouched and spawning flat
warning: no exact herdr presentation token match for renamed1; leaving any stale space untouched and spawning flat
warning: 2 exact herdr presentation token matches for duplicate1 are quarantined; inspecting only for duplicate-agent risk
warning: quarantined herdr presentation for duplicate1 is dead or agent-free; exact bound reclaim may proceed, otherwise spawning flat
warning: 2 exact herdr presentation token matches for duplicate1 are quarantined; inspecting only for duplicate-agent risk
warning: quarantined herdr presentation for duplicate1 is dead or agent-free; exact bound reclaim may proceed, otherwise spawning flat
not ok - a duplicate token match with a registered agent should refuse fallback
rm: /private/var/folders/6s/ldbywjcs4lddfhrtg2xsy1yr0000gp/T/fm-herdr-presentation.OYikYV/home/state/anchor.git-hooks/pre-rebase: Permission denied
rm: /private/var/folders/6s/ldbywjcs4lddfhrtg2xsy1yr0000gp/T/fm-herdr-presentation.OYikYV/home/state/anchor.git-hooks/pre-applypatch: Permission denied
rm: /private/var/folders/6s/ldbywjcs4lddfhrtg2xsy1yr0000gp/T/fm-herdr-presentation.OYikYV/home/state/anchor.git-hooks/pre-auto-gc: Permission denied
rm: /private/var/folders/6s/ldbywjcs4lddfhrtg2xsy1yr0000gp/T/fm-herdr-presentation.OYikYV/home/state/anchor.git-hooks/pre-merge-commit: Permission denied
rm: /private/var/folders/6s/ldbywjcs4lddfhrtg2xsy1yr0000gp/T/fm-herdr-presentation.OYikYV/home/state/anchor.git-hooks/post-commit: Permission denied
rm: /private/var/folders/6s/ldbywjcs4lddfhrtg2xsy1yr0000gp/T/fm-herdr-presentation.OYikYV/home/state/anchor.git-hooks/sendemail-validate: Permission denied
rm: /private/var/folders/6s/ldbywjcs4lddfhrtg2xsy1yr0000gp/T/fm-herdr-presentation.OYikYV/home/state/anchor.git-hooks/applypatch-msg: Permission denied
rm: /private/var/folders/6s/ldbywjcs4lddfhrtg2xsy1yr0000gp/T/fm-herdr-presentation.OYikYV/home/state/anchor.git-hooks/prepare-commit-msg: Permission denied
rm: /private/var/folders/6s/ldbywjcs4lddfhrtg2xsy1yr0000gp/T/fm-herdr-presentation.OYikYV/home/state/anchor.git-hooks/post-checkout: Permission denied
rm: /private/var/folders/6s/ldbywjcs4lddfhrtg2xsy1yr0000gp/T/fm-herdr-presentation.OYikYV/home/state/anchor.git-hooks/post-applypatch: Permission denied
rm: /private/var/folders/6s/ldbywjcs4lddfhrtg2xsy1yr0000gp/T/fm-herdr-presentation.OYikYV/home/state/anchor.git-hooks/post-rewrite: Permission denied
rm: /private/var/folders/6s/ldbywjcs4lddfhrtg2xsy1yr0000gp/T/fm-herdr-presentation.OYikYV/home/state/anchor.git-hooks/commit-msg: Permission denied
rm: /private/var/folders/6s/ldbywjcs4lddfhrtg2xsy1yr0000gp/T/fm-herdr-presentation.OYikYV/home/state/anchor.git-hooks/pre-push: Permission denied
rm: /private/var/folders/6s/ldbywjcs4lddfhrtg2xsy1yr0000gp/T/fm-herdr-presentation.OYikYV/home/state/anchor.git-hooks/post-merge: Permission denied
rm: /private/var/folders/6s/ldbywjcs4lddfhrtg2xsy1yr0000gp/T/fm-herdr-presentation.OYikYV/home/state/anchor.git-hooks/pre-commit: Permission denied
rm: /private/var/folders/6s/ldbywjcs4lddfhrtg2xsy1yr0000gp/T/fm-herdr-presentation.OYikYV/home/state/anchor.git-hooks: Directory not empty
rm: /private/var/folders/6s/ldbywjcs4lddfhrtg2xsy1yr0000gp/T/fm-herdr-presentation.OYikYV/home/state/abort-resume.git-hooks/pre-rebase: Permission denied
rm: /private/var/folders/6s/ldbywjcs4lddfhrtg2xsy1yr0000gp/T/fm-herdr-presentation.OYikYV/home/state/abort-resume.git-hooks/pre-applypatch: Permission denied
rm: /private/var/folders/6s/ldbywjcs4lddfhrtg2xsy1yr0000gp/T/fm-herdr-presentation.OYikYV/home/state/abort-resume.git-hooks/pre-auto-gc: Permission denied
rm: /private/var/folders/6s/ldbywjcs4lddfhrtg2xsy1yr0000gp/T/fm-herdr-presentation.OYikYV/home/state/abort-resume.git-hooks/pre-merge-commit: Permission denied
rm: /private/var/folders/6s/ldbywjcs4lddfhrtg2xsy1yr0000gp/T/fm-herdr-presentation.OYikYV/home/state/abort-resume.git-hooks/post-commit: Permission denied
rm: /private/var/folders/6s/ldbywjcs4lddfhrtg2xsy1yr0000gp/T/fm-herdr-presentation.OYikYV/home/state/abort-resume.git-hooks/sendemail-validate: Permission denied
rm: /private/var/folders/6s/ldbywjcs4lddfhrtg2xsy1yr0000gp/T/fm-herdr-presentation.OYikYV/home/state/abort-resume.git-hooks/applypatch-msg: Permission denied
rm: /private/var/folders/6s/ldbywjcs4lddfhrtg2xsy1yr0000gp/T/fm-herdr-presentation.OYikYV/home/state/abort-resume.git-hooks/prepare-commit-msg: Permission denied
rm: /private/var/folders/6s/ldbywjcs4lddfhrtg2xsy1yr0000gp/T/fm-herdr-presentation.OYikYV/home/state/abort-resume.git-hooks/post-checkout: Permission denied
rm: /private/var/folders/6s/ldbywjcs4lddfhrtg2xsy1yr0000gp/T/fm-herdr-presentation.OYikYV/home/state/abort-resume.git-hooks/post-applypatch: Permission denied
rm: /private/var/folders/6s/ldbywjcs4lddfhrtg2xsy1yr0000gp/T/fm-herdr-presentation.OYikYV/home/state/abort-resume.git-hooks/post-rewrite: Permission denied
rm: /private/var/folders/6s/ldbywjcs4lddfhrtg2xsy1yr0000gp/T/fm-herdr-presentation.OYikYV/home/state/abort-resume.git-hooks/commit-msg: Permission denied
rm: /private/var/folders/6s/ldbywjcs4lddfhrtg2xsy1yr0000gp/T/fm-herdr-presentation.OYikYV/home/state/abort-resume.git-hooks/pre-push: Permission denied
rm: /private/var/folders/6s/ldbywjcs4lddfhrtg2xsy1yr0000gp/T/fm-herdr-presentation.OYikYV/home/state/abort-resume.git-hooks/post-merge: Permission denied
rm: /private/var/folders/6s/ldbywjcs4lddfhrtg2xsy1yr0000gp/T/fm-herdr-presentation.OYikYV/home/state/abort-resume.git-hooks/pre-commit: Permission denied
rm: /private/var/folders/6s/ldbywjcs4lddfhrtg2xsy1yr0000gp/T/fm-herdr-presentation.OYikYV/home/state/abort-resume.git-hooks: Directory not empty
rm: /private/var/folders/6s/ldbywjcs4lddfhrtg2xsy1yr0000gp/T/fm-herdr-presentation.OYikYV/home/state: Directory not empty
rm: /private/var/folders/6s/ldbywjcs4lddfhrtg2xsy1yr0000gp/T/fm-herdr-presentation.OYikYV/home: Directory not empty
rm: /private/var/folders/6s/ldbywjcs4lddfhrtg2xsy1yr0000gp/T/fm-herdr-presentation.OYikYV: Directory not empty
rm: /private/var/folders/6s/ldbywjcs4lddfhrtg2xsy1yr0000gp/T/fm-herdr-presentation.OYikYV/home/state/anchor.git-hooks/pre-rebase: Permission denied
rm: /private/var/folders/6s/ldbywjcs4lddfhrtg2xsy1yr0000gp/T/fm-herdr-presentation.OYikYV/home/state/anchor.git-hooks/pre-applypatch: Permission denied
rm: /private/var/folders/6s/ldbywjcs4lddfhrtg2xsy1yr0000gp/T/fm-herdr-presentation.OYikYV/home/state/anchor.git-hooks/pre-auto-gc: Permission denied
rm: /private/var/folders/6s/ldbywjcs4lddfhrtg2xsy1yr0000gp/T/fm-herdr-presentation.OYikYV/home/state/anchor.git-hooks/pre-merge-commit: Permission denied
rm: /private/var/folders/6s/ldbywjcs4lddfhrtg2xsy1yr0000gp/T/fm-herdr-presentation.OYikYV/home/state/anchor.git-hooks/post-commit: Permission denied
rm: /private/var/folders/6s/ldbywjcs4lddfhrtg2xsy1yr0000gp/T/fm-herdr-presentation.OYikYV/home/state/anchor.git-hooks/sendemail-validate: Permission denied
rm: /private/var/folders/6s/ldbywjcs4lddfhrtg2xsy1yr0000gp/T/fm-herdr-presentation.OYikYV/home/state/anchor.git-hooks/applypatch-msg: Permission denied
rm: /private/var/folders/6s/ldbywjcs4lddfhrtg2xsy1yr0000gp/T/fm-herdr-presentation.OYikYV/home/state/anchor.git-hooks/prepare-commit-msg: Permission denied
rm: /private/var/folders/6s/ldbywjcs4lddfhrtg2xsy1yr0000gp/T/fm-herdr-presentation.OYikYV/home/state/anchor.git-hooks/post-checkout: Permission denied
rm: /private/var/folders/6s/ldbywjcs4lddfhrtg2xsy1yr0000gp/T/fm-herdr-presentation.OYikYV/home/state/anchor.git-hooks/post-applypatch: Permission denied
rm: /private/var/folders/6s/ldbywjcs4lddfhrtg2xsy1yr0000gp/T/fm-herdr-presentation.OYikYV/home/state/anchor.git-hooks/post-rewrite: Permission denied
rm: /private/var/folders/6s/ldbywjcs4lddfhrtg2xsy1yr0000gp/T/fm-herdr-presentation.OYikYV/home/state/anchor.git-hooks/commit-msg: Permission denied
rm: /private/var/folders/6s/ldbywjcs4lddfhrtg2xsy1yr0000gp/T/fm-herdr-presentation.OYikYV/home/state/anchor.git-hooks/pre-push: Permission denied
rm: /private/var/folders/6s/ldbywjcs4lddfhrtg2xsy1yr0000gp/T/fm-herdr-presentation.OYikYV/home/state/anchor.git-hooks/post-merge: Permission denied
rm: /private/var/folders/6s/ldbywjcs4lddfhrtg2xsy1yr0000gp/T/fm-herdr-presentation.OYikYV/home/state/anchor.git-hooks/pre-commit: Permission denied
rm: /private/var/folders/6s/ldbywjcs4lddfhrtg2xsy1yr0000gp/T/fm-herdr-presentation.OYikYV/home/state/anchor.git-hooks: Directory not empty
rm: /private/var/folders/6s/ldbywjcs4lddfhrtg2xsy1yr0000gp/T/fm-herdr-presentation.OYikYV/home/state/abort-resume.git-hooks/pre-rebase: Permission denied
rm: /private/var/folders/6s/ldbywjcs4lddfhrtg2xsy1yr0000gp/T/fm-herdr-presentation.OYikYV/home/state/abort-resume.git-hooks/pre-applypatch: Permission denied
rm: /private/var/folders/6s/ldbywjcs4lddfhrtg2xsy1yr0000gp/T/fm-herdr-presentation.OYikYV/home/state/abort-resume.git-hooks/pre-auto-gc: Permission denied
rm: /private/var/folders/6s/ldbywjcs4lddfhrtg2xsy1yr0000gp/T/fm-herdr-presentation.OYikYV/home/state/abort-resume.git-hooks/pre-merge-commit: Permission denied
rm: /private/var/folders/6s/ldbywjcs4lddfhrtg2xsy1yr0000gp/T/fm-herdr-presentation.OYikYV/home/state/abort-resume.git-hooks/post-commit: Permission denied
rm: /private/var/folders/6s/ldbywjcs4lddfhrtg2xsy1yr0000gp/T/fm-herdr-presentation.OYikYV/home/state/abort-resume.git-hooks/sendemail-validate: Permission denied
rm: /private/var/folders/6s/ldbywjcs4lddfhrtg2xsy1yr0000gp/T/fm-herdr-presentation.OYikYV/home/state/abort-resume.git-hooks/applypatch-msg: Permission denied
rm: /private/var/folders/6s/ldbywjcs4lddfhrtg2xsy1yr0000gp/T/fm-herdr-presentation.OYikYV/home/state/abort-resume.git-hooks/prepare-commit-msg: Permission denied
rm: /private/var/folders/6s/ldbywjcs4lddfhrtg2xsy1yr0000gp/T/fm-herdr-presentation.OYikYV/home/state/abort-resume.git-hooks/post-checkout: Permission denied
rm: /private/var/folders/6s/ldbywjcs4lddfhrtg2xsy1yr0000gp/T/fm-herdr-presentation.OYikYV/home/state/abort-resume.git-hooks/post-applypatch: Permission denied
rm: /private/var/folders/6s/ldbywjcs4lddfhrtg2xsy1yr0000gp/T/fm-herdr-presentation.OYikYV/home/state/abort-resume.git-hooks/post-rewrite: Permission denied
rm: /private/var/folders/6s/ldbywjcs4lddfhrtg2xsy1yr0000gp/T/fm-herdr-presentation.OYikYV/home/state/abort-resume.git-hooks/commit-msg: Permission denied
rm: /private/var/folders/6s/ldbywjcs4lddfhrtg2xsy1yr0000gp/T/fm-herdr-presentation.OYikYV/home/state/abort-resume.git-hooks/pre-push: Permission denied
rm: /private/var/folders/6s/ldbywjcs4lddfhrtg2xsy1yr0000gp/T/fm-herdr-presentation.OYikYV/home/state/abort-resume.git-hooks/post-merge: Permission denied
rm: /private/var/folders/6s/ldbywjcs4lddfhrtg2xsy1yr0000gp/T/fm-herdr-presentation.OYikYV/home/state/abort-resume.git-hooks/pre-commit: Permission denied
rm: /private/var/folders/6s/ldbywjcs4lddfhrtg2xsy1yr0000gp/T/fm-herdr-presentation.OYikYV/home/state/abort-resume.git-hooks: Directory not empty
rm: /private/var/folders/6s/ldbywjcs4lddfhrtg2xsy1yr0000gp/T/fm-herdr-presentation.OYikYV/home/state: Directory not empty
rm: /private/var/folders/6s/ldbywjcs4lddfhrtg2xsy1yr0000gp/T/fm-herdr-presentation.OYikYV/home: Directory not empty
rm: /private/var/folders/6s/ldbywjcs4lddfhrtg2xsy1yr0000gp/T/fm-herdr-presentation.OYikYV: Directory not empty
env -u NO_MISTAKES_GATE bash tests/fm-backend-herdr-presentation-e2e.test.sh  208.38s user 365.80s system 48% cpu 19:32.12 total
exit=1
